Archive member included to satisfy reference by file (symbol)

/usr/lib/gcc/i686-elf/11.2.0/libgcc.a(_udivdi3.o)
                              /home/graphical/Projects/KernalX32/build/stage2/c/stdio.obj (__udivdi3)
/usr/lib/gcc/i686-elf/11.2.0/libgcc.a(_umoddi3.o)
                              /home/graphical/Projects/KernalX32/build/stage2/c/stdio.obj (__umoddi3)

There are no discarded input sections

Memory Configuration

Name             Origin             Length             Attributes
*default*        0x00000000         0xffffffff

Linker script and memory map

LOAD /home/graphical/Projects/KernalX32/build/stage2/asm/entry.obj
LOAD /home/graphical/Projects/KernalX32/build/stage2/asm/kernel.obj
LOAD /home/graphical/Projects/KernalX32/build/stage2/asm/x86.obj
LOAD /home/graphical/Projects/KernalX32/build/stage2/c/ctype.obj
LOAD /home/graphical/Projects/KernalX32/build/stage2/c/disk.obj
LOAD /home/graphical/Projects/KernalX32/build/stage2/c/fat.obj
LOAD /home/graphical/Projects/KernalX32/build/stage2/c/main.obj
LOAD /home/graphical/Projects/KernalX32/build/stage2/c/memory.obj
LOAD /home/graphical/Projects/KernalX32/build/stage2/c/stdio.obj
LOAD /home/graphical/Projects/KernalX32/build/stage2/c/string.obj
LOAD /home/graphical/Projects/KernalX32/build/stage2/c/utility.obj
LOAD /usr/lib/gcc/i686-elf/11.2.0/libgcc.a
                0x00000500                        phys = 0x500
                0x00000500                        . = phys

.entry          0x00000500       0xc0
                0x00000500                        __entry_start = .
 *(.entry)
 .entry         0x00000500       0xc0 /home/graphical/Projects/KernalX32/build/stage2/asm/entry.obj
                0x00000500                entry

.text           0x000005c0     0x1bb0
                0x000005c0                        __text_start = .
 *(.text)
 .text          0x000005c0      0x1a5 /home/graphical/Projects/KernalX32/build/stage2/asm/x86.obj
                0x000005c0                x86_outb
                0x000005cb                x86_inb
                0x000005d4                x86_Disk_GetDriveParams
                0x00000697                x86_Disk_Reset
                0x000006e7                x86_Disk_Read
 .text          0x00000765       0x55 /home/graphical/Projects/KernalX32/build/stage2/c/ctype.obj
                0x00000765                islower
                0x0000078e                toupper
 .text          0x000007ba      0x199 /home/graphical/Projects/KernalX32/build/stage2/c/disk.obj
                0x000007ba                DISK_Initialize
                0x0000082a                DISK_LBA2CHS
                0x000008b7                DISK_ReadSectors
 .text          0x00000953      0xa30 /home/graphical/Projects/KernalX32/build/stage2/c/fat.obj
                0x00000953                FAT_ReadBootSector
                0x00000970                FAT_ReadFat
                0x000009a4                FAT_Initialize
                0x00000bd8                FAT_ClusterToLba
                0x00000bf9                FAT_OpenEntry
                0x00000dc1                FAT_NextCluster
                0x00000e0e                FAT_Read
                0x00001062                FAT_ReadEntry
                0x00001083                FAT_Close
                0x000010d1                FAT_FindFile
                0x00001236                FAT_Open
 .text          0x00001383       0xf2 /home/graphical/Projects/KernalX32/build/stage2/c/main.obj
                0x00001383                start
 .text          0x00001475       0xf5 /home/graphical/Projects/KernalX32/build/stage2/c/memory.obj
                0x00001475                memcpy
                0x000014c7                memset
                0x0000150a                memcmp
 .text          0x0000156a      0x895 /home/graphical/Projects/KernalX32/build/stage2/c/stdio.obj
                0x0000156a                putchr
                0x00001599                putcolor
                0x000015cb                getchr
                0x000015ed                getcolor
                0x00001612                setcursor
                0x00001683                clrscr
                0x00001711                scrollback
                0x000017ff                putc
                0x0000190c                puts
                0x0000193b                printf_unsigned
                0x000019f4                printf_signed
                0x00001a51                printf
                0x00001d66                print_buffer
 .text          0x00001dff       0xb6 /home/graphical/Projects/KernalX32/build/stage2/c/string.obj
                0x00001dff                strchr
                0x00001e3d                strcpy
                0x00001e8f                strlen
 .text          0x00001eb5       0x37 /home/graphical/Projects/KernalX32/build/stage2/c/utility.obj
                0x00001eb5                align
 *fill*         0x00001eec        0x4 
 .text          0x00001ef0      0x12a /usr/lib/gcc/i686-elf/11.2.0/libgcc.a(_udivdi3.o)
                0x00001ef0                __udivdi3
 *fill*         0x0000201a        0x6 
 .text          0x00002020      0x150 /usr/lib/gcc/i686-elf/11.2.0/libgcc.a(_umoddi3.o)
                0x00002020                __umoddi3

.data           0x00002170        0xc
                0x00002170                        __data_start = .
 *(.data)
 .data          0x00002170        0x0 /home/graphical/Projects/KernalX32/build/stage2/c/ctype.obj
 .data          0x00002170        0x0 /home/graphical/Projects/KernalX32/build/stage2/c/disk.obj
 .data          0x00002170        0x0 /home/graphical/Projects/KernalX32/build/stage2/c/fat.obj
 .data          0x00002170        0x8 /home/graphical/Projects/KernalX32/build/stage2/c/main.obj
                0x00002170                KernelLoadBuffer
                0x00002174                Kernel
 .data          0x00002178        0x0 /home/graphical/Projects/KernalX32/build/stage2/c/memory.obj
 .data          0x00002178        0x4 /home/graphical/Projects/KernalX32/build/stage2/c/stdio.obj
                0x00002178                g_ScreenBuffer
 .data          0x0000217c        0x0 /home/graphical/Projects/KernalX32/build/stage2/c/string.obj
 .data          0x0000217c        0x0 /home/graphical/Projects/KernalX32/build/stage2/c/utility.obj
 .data          0x0000217c        0x0 /usr/lib/gcc/i686-elf/11.2.0/libgcc.a(_udivdi3.o)
 .data          0x0000217c        0x0 /usr/lib/gcc/i686-elf/11.2.0/libgcc.a(_umoddi3.o)

.rodata         0x0000217c      0x206
                0x0000217c                        __rodata_start = .
 *(.rodata)
 .rodata        0x0000217c      0x11b /home/graphical/Projects/KernalX32/build/stage2/c/fat.obj
 .rodata        0x00002297       0x2f /home/graphical/Projects/KernalX32/build/stage2/c/main.obj
 *fill*         0x000022c6        0x2 
 .rodata        0x000022c8       0xba /home/graphical/Projects/KernalX32/build/stage2/c/stdio.obj
                0x000022c8                SCREEN_WIDTH
                0x000022cc                SCREEN_HEIGHT
                0x000022d0                DEFAULT_COLOR
                0x000022d4                g_HexChars

.eh_frame       0x00002384       0xd8
 .eh_frame      0x00002384       0x64 /usr/lib/gcc/i686-elf/11.2.0/libgcc.a(_udivdi3.o)
 .eh_frame      0x000023e8       0x74 /usr/lib/gcc/i686-elf/11.2.0/libgcc.a(_umoddi3.o)

.bss            0x0000245c       0x14
                0x0000245c                        __bss_start = .
 *(.bss)
 .bss           0x0000245c        0x0 /home/graphical/Projects/KernalX32/build/stage2/c/ctype.obj
 .bss           0x0000245c        0x0 /home/graphical/Projects/KernalX32/build/stage2/c/disk.obj
 .bss           0x0000245c        0xc /home/graphical/Projects/KernalX32/build/stage2/c/fat.obj
 .bss           0x00002468        0x0 /home/graphical/Projects/KernalX32/build/stage2/c/main.obj
 .bss           0x00002468        0x0 /home/graphical/Projects/KernalX32/build/stage2/c/memory.obj
 .bss           0x00002468        0x8 /home/graphical/Projects/KernalX32/build/stage2/c/stdio.obj
                0x00002468                g_ScreenX
                0x0000246c                g_ScreenY
 .bss           0x00002470        0x0 /home/graphical/Projects/KernalX32/build/stage2/c/string.obj
 .bss           0x00002470        0x0 /home/graphical/Projects/KernalX32/build/stage2/c/utility.obj
 .bss           0x00002470        0x0 /usr/lib/gcc/i686-elf/11.2.0/libgcc.a(_udivdi3.o)
 .bss           0x00002470        0x0 /usr/lib/gcc/i686-elf/11.2.0/libgcc.a(_umoddi3.o)
                0x00002470                        __end = .
OUTPUT(/home/graphical/Projects/KernalX32/build/stage2.bin binary)

.debug_info     0x00000000     0x18ef
 .debug_info    0x00000000       0xcb /home/graphical/Projects/KernalX32/build/stage2/c/ctype.obj
 .debug_info    0x000000cb      0x2b1 /home/graphical/Projects/KernalX32/build/stage2/c/disk.obj
 .debug_info    0x0000037c      0x9a9 /home/graphical/Projects/KernalX32/build/stage2/c/fat.obj
 .debug_info    0x00000d25      0x2bf /home/graphical/Projects/KernalX32/build/stage2/c/main.obj
 .debug_info    0x00000fe4      0x1e1 /home/graphical/Projects/KernalX32/build/stage2/c/memory.obj
 .debug_info    0x000011c5      0x54d /home/graphical/Projects/KernalX32/build/stage2/c/stdio.obj
 .debug_info    0x00001712      0x132 /home/graphical/Projects/KernalX32/build/stage2/c/string.obj
 .debug_info    0x00001844       0xab /home/graphical/Projects/KernalX32/build/stage2/c/utility.obj

.debug_abbrev   0x00000000      0x93d
 .debug_abbrev  0x00000000       0x77 /home/graphical/Projects/KernalX32/build/stage2/c/ctype.obj
 .debug_abbrev  0x00000077      0x140 /home/graphical/Projects/KernalX32/build/stage2/c/disk.obj
 .debug_abbrev  0x000001b7      0x24d /home/graphical/Projects/KernalX32/build/stage2/c/fat.obj
 .debug_abbrev  0x00000404      0x14c /home/graphical/Projects/KernalX32/build/stage2/c/main.obj
 .debug_abbrev  0x00000550       0xe2 /home/graphical/Projects/KernalX32/build/stage2/c/memory.obj
 .debug_abbrev  0x00000632      0x1f6 /home/graphical/Projects/KernalX32/build/stage2/c/stdio.obj
 .debug_abbrev  0x00000828       0xa8 /home/graphical/Projects/KernalX32/build/stage2/c/string.obj
 .debug_abbrev  0x000008d0       0x6d /home/graphical/Projects/KernalX32/build/stage2/c/utility.obj

.debug_aranges  0x00000000      0x100
 .debug_aranges
                0x00000000       0x20 /home/graphical/Projects/KernalX32/build/stage2/c/ctype.obj
 .debug_aranges
                0x00000020       0x20 /home/graphical/Projects/KernalX32/build/stage2/c/disk.obj
 .debug_aranges
                0x00000040       0x20 /home/graphical/Projects/KernalX32/build/stage2/c/fat.obj
 .debug_aranges
                0x00000060       0x20 /home/graphical/Projects/KernalX32/build/stage2/c/main.obj
 .debug_aranges
                0x00000080       0x20 /home/graphical/Projects/KernalX32/build/stage2/c/memory.obj
 .debug_aranges
                0x000000a0       0x20 /home/graphical/Projects/KernalX32/build/stage2/c/stdio.obj
 .debug_aranges
                0x000000c0       0x20 /home/graphical/Projects/KernalX32/build/stage2/c/string.obj
 .debug_aranges
                0x000000e0       0x20 /home/graphical/Projects/KernalX32/build/stage2/c/utility.obj

.debug_line     0x00000000      0xca2
 .debug_line    0x00000000       0x88 /home/graphical/Projects/KernalX32/build/stage2/c/ctype.obj
 .debug_line    0x00000088       0xee /home/graphical/Projects/KernalX32/build/stage2/c/disk.obj
 .debug_line    0x00000176      0x4d7 /home/graphical/Projects/KernalX32/build/stage2/c/fat.obj
 .debug_line    0x0000064d       0xab /home/graphical/Projects/KernalX32/build/stage2/c/main.obj
 .debug_line    0x000006f8       0xe4 /home/graphical/Projects/KernalX32/build/stage2/c/memory.obj
 .debug_line    0x000007dc      0x3c1 /home/graphical/Projects/KernalX32/build/stage2/c/stdio.obj
 .debug_line    0x00000b9d       0x97 /home/graphical/Projects/KernalX32/build/stage2/c/string.obj
 .debug_line    0x00000c34       0x6e /home/graphical/Projects/KernalX32/build/stage2/c/utility.obj

.debug_str      0x00000000      0xfb0
 .debug_str     0x00000000       0xea /home/graphical/Projects/KernalX32/build/stage2/c/ctype.obj
 .debug_str     0x000000ea      0x1c5 /home/graphical/Projects/KernalX32/build/stage2/c/disk.obj
 .debug_str     0x000002af      0x5e8 /home/graphical/Projects/KernalX32/build/stage2/c/fat.obj
 .debug_str     0x00000897      0x1e2 /home/graphical/Projects/KernalX32/build/stage2/c/main.obj
 .debug_str     0x00000a79      0x118 /home/graphical/Projects/KernalX32/build/stage2/c/memory.obj
 .debug_str     0x00000b91      0x24e /home/graphical/Projects/KernalX32/build/stage2/c/stdio.obj
 .debug_str     0x00000ddf       0xf1 /home/graphical/Projects/KernalX32/build/stage2/c/string.obj
 .debug_str     0x00000ed0       0xe0 /home/graphical/Projects/KernalX32/build/stage2/c/utility.obj

.debug_line_str
                0x00000000      0x531
 .debug_line_str
                0x00000000       0x7c /home/graphical/Projects/KernalX32/build/stage2/c/ctype.obj
 .debug_line_str
                0x0000007c       0xb8 /home/graphical/Projects/KernalX32/build/stage2/c/disk.obj
 .debug_line_str
                0x00000134       0xd7 /home/graphical/Projects/KernalX32/build/stage2/c/fat.obj
 .debug_line_str
                0x0000020b       0xc9 /home/graphical/Projects/KernalX32/build/stage2/c/main.obj
 .debug_line_str
                0x000002d4       0x88 /home/graphical/Projects/KernalX32/build/stage2/c/memory.obj
 .debug_line_str
                0x0000035c       0xbd /home/graphical/Projects/KernalX32/build/stage2/c/stdio.obj
 .debug_line_str
                0x00000419       0x7f /home/graphical/Projects/KernalX32/build/stage2/c/string.obj
 .debug_line_str
                0x00000498       0x99 /home/graphical/Projects/KernalX32/build/stage2/c/utility.obj

.comment        0x00000000       0xbe
 .comment       0x00000000       0x13 /home/graphical/Projects/KernalX32/build/stage2/c/ctype.obj
 .comment       0x00000013       0x13 /home/graphical/Projects/KernalX32/build/stage2/c/disk.obj
 .comment       0x00000026       0x13 /home/graphical/Projects/KernalX32/build/stage2/c/fat.obj
 .comment       0x00000039       0x13 /home/graphical/Projects/KernalX32/build/stage2/c/main.obj
 .comment       0x0000004c       0x13 /home/graphical/Projects/KernalX32/build/stage2/c/memory.obj
 .comment       0x0000005f       0x13 /home/graphical/Projects/KernalX32/build/stage2/c/stdio.obj
 .comment       0x00000072       0x13 /home/graphical/Projects/KernalX32/build/stage2/c/string.obj
 .comment       0x00000085       0x13 /home/graphical/Projects/KernalX32/build/stage2/c/utility.obj
 .comment       0x00000098       0x13 /usr/lib/gcc/i686-elf/11.2.0/libgcc.a(_udivdi3.o)
 .comment       0x000000ab       0x13 /usr/lib/gcc/i686-elf/11.2.0/libgcc.a(_umoddi3.o)

.debug_frame    0x00000000      0x560
 .debug_frame   0x00000000       0x54 /home/graphical/Projects/KernalX32/build/stage2/c/ctype.obj
 .debug_frame   0x00000054       0x80 /home/graphical/Projects/KernalX32/build/stage2/c/disk.obj
 .debug_frame   0x000000d4      0x184 /home/graphical/Projects/KernalX32/build/stage2/c/fat.obj
 .debug_frame   0x00000258       0x2c /home/graphical/Projects/KernalX32/build/stage2/c/main.obj
 .debug_frame   0x00000284       0x74 /home/graphical/Projects/KernalX32/build/stage2/c/memory.obj
 .debug_frame   0x000002f8      0x1c0 /home/graphical/Projects/KernalX32/build/stage2/c/stdio.obj
 .debug_frame   0x000004b8       0x74 /home/graphical/Projects/KernalX32/build/stage2/c/string.obj
 .debug_frame   0x0000052c       0x34 /home/graphical/Projects/KernalX32/build/stage2/c/utility.obj
